
> frontend@1.0.0 build
> next build

  Γû▓ Next.js 14.2.35
  - Environments: .env.local

   Creating an optimized production build ...
 Γ£ô Compiled successfully
   Linting and checking validity of types ...
node.exe : Failed to compile.
At line:1 char:1
+ & "C:\Users\bogad\Downloads/node.exe" 
"C:\Users\bogad\Downloads/node_ ...
+ ~~~~~~~~~~~~~~~~~~~~~~~~~~~~~~~~~~~~~~~~~~~~~~~~~~~~~~
~~~~~~~~~~~~~~~
    + CategoryInfo          : NotSpecified: (Failed to  
   compile.:String) [], RemoteException
    + FullyQualifiedErrorId : NativeCommandError
 

./src/features/admin/components/CreateEventForm.tsx:96:2
4
Type error: Argument of type '"imageUrl"' is not 
assignable to parameter of type '"type" | "title" | 
"language" | "duration" | "posterUrl" | "description" | 
"date" | "location" | "price" | "totalSeats" | 
"availableSeats"'.

[0m [90m 94 |[39m         [33m<[39m[33mlabel[39m 
className[33m=[39m[32m"block text-sm font-medium 
text-gray-700"[39m[33m>[39m[33mImage[39m 
[33mURL[39m ([33mOptional[39m)[33m<[39m[33m/[39m
[33mlabel[39m[33m>[39m[0m
[0m [90m 95 |[39m         
[33m<[39m[33minput[39m[0m
[0m[31m[1m>[22m[39m[90m 96 |[39m           
{[33m...[39mregister([32m'imageUrl'[39m)}[0m
[0m [90m    |[39m                        
[31m[1m^[22m[39m[0m
[0m [90m 97 |[39m           placeholder[33m=[39m[3
2m"https://example.com/image.jpg"[39m[0m
[0m [90m 98 |[39m           
className[33m=[39m[32m"mt-1 block w-full rounded-md 
border border-gray-300 p-2 shadow-sm 
focus:border-blue-500 focus:ring-blue-500"[39m[0m
[0m [90m 99 |[39m         [33m/[39m[33m>[39m[0m
Next.js build worker exited with code: 1 and signal: 
null
npm error Lifecycle script `build` failed with error:
npm error code 1
npm error path C:\Users\bogad\ticket booking 
project\frontend
npm error workspace frontend@1.0.0
npm error location C:\Users\bogad\ticket booking 
project\frontend
npm error command failed
npm error command C:\Windows\system32\cmd.exe /d /s /c 
next build
