src/booking/booking.service.ts(203,66): error TS7006: Parameter 'l' implicitly has an 'any' type.
src/pricing/pricing.service.spec.ts(28,27): error TS2339: Property 'calculateConvenienceFee' does not exist on type 'PricingService'.
src/pricing/pricing.service.spec.ts(33,22): error TS2339: Property 'calculateConvenienceFee' does not exist on type 'PricingService'.
src/pricing/pricing.service.spec.ts(34,22): error TS2339: Property 'calculateConvenienceFee' does not exist on type 'PricingService'.
src/pricing/pricing.service.spec.ts(35,22): error TS2339: Property 'calculateConvenienceFee' does not exist on type 'PricingService'.
src/scripts/verify-admin-flow.ts(78,45): error TS2554: Expected 4 arguments, but got 3.
src/scripts/verify-admin-monitor.ts(137,26): error TS2554: Expected 4 arguments, but got 3.
src/show/show.controller.ts(38,32): error TS2554: Expected 4 arguments, but got 3.
test/admin.e2e-spec.ts(29,28): error TS2349: This expression is not callable.
  Type '{ default: SuperTestStatic; Test: typeof Test; agent: typeof TestAgent & ((app?: App | undefined, options?: AgentOptions | undefined) => TestAgent<...>); }' has no call signatures.
test/admin.e2e-spec.ts(43,30): error TS2349: This expression is not callable.
  Type '{ default: SuperTestStatic; Test: typeof Test; agent: typeof TestAgent & ((app?: App | undefined, options?: AgentOptions | undefined) => TestAgent<...>); }' has no call signatures.
test/admin.e2e-spec.ts(49,27): error TS2349: This expression is not callable.
  Type '{ default: SuperTestStatic; Test: typeof Test; agent: typeof TestAgent & ((app?: App | undefined, options?: AgentOptions | undefined) => TestAgent<...>); }' has no call signatures.
test/admin.e2e-spec.ts(53,29): error TS2349: This expression is not callable.
  Type '{ default: SuperTestStatic; Test: typeof Test; agent: typeof TestAgent & ((app?: App | undefined, options?: AgentOptions | undefined) => TestAgent<...>); }' has no call signatures.
test/admin.e2e-spec.ts(68,14): error TS2349: This expression is not callable.
  Type '{ default: SuperTestStatic; Test: typeof Test; agent: typeof TestAgent & ((app?: App | undefined, options?: AgentOptions | undefined) => TestAgent<...>); }' has no call signatures.
test/admin.e2e-spec.ts(72,18): error TS7006: Parameter 'res' implicitly has an 'any' type.
test/admin.e2e-spec.ts(82,14): error TS2349: This expression is not callable.
  Type '{ default: SuperTestStatic; Test: typeof Test; agent: typeof TestAgent & ((app?: App | undefined, options?: AgentOptions | undefined) => TestAgent<...>); }' has no call signatures.
test/admin.e2e-spec.ts(91,14): error TS2349: This expression is not callable.
  Type '{ default: SuperTestStatic; Test: typeof Test; agent: typeof TestAgent & ((app?: App | undefined, options?: AgentOptions | undefined) => TestAgent<...>); }' has no call signatures.
test/admin.e2e-spec.ts(95,18): error TS7006: Parameter 'res' implicitly has an 'any' type.
test/admin.e2e-spec.ts(103,14): error TS2349: This expression is not callable.
  Type '{ default: SuperTestStatic; Test: typeof Test; agent: typeof TestAgent & ((app?: App | undefined, options?: AgentOptions | undefined) => TestAgent<...>); }' has no call signatures.
test/admin.e2e-spec.ts(110,14): error TS2349: This expression is not callable.
  Type '{ default: SuperTestStatic; Test: typeof Test; agent: typeof TestAgent & ((app?: App | undefined, options?: AgentOptions | undefined) => TestAgent<...>); }' has no call signatures.
test/booking.e2e-spec.ts(31,40): error TS2353: Object literal may only specify known properties, and 'totalSeats' does not exist in type 'ScreenUncheckedCreateWithoutTheaterInput'.
test/booking.e2e-spec.ts(36,28): error TS2339: Property 'screens' does not exist on type '{ id: string; tenantId: string | null; name: string; city: string; address: string; }'.
test/booking.e2e-spec.ts(61,9): error TS2353: Object literal may only specify known properties, and 'basePrice' does not exist in type 'Without<ShowCreateInput, ShowUncheckedCreateInput> & ShowUncheckedCreateInput'.
test/booking_fee.e2e-spec.ts(69,7): error TS2322: Type '{ email: string; name: string; }' is not assignable to type '(Without<UserCreateInput, UserUncheckedCreateInput> & UserUncheckedCreateInput) | (Without<...> & UserCreateInput)'.
  Type '{ email: string; name: string; }' is not assignable to type 'Without<UserUncheckedCreateInput, UserCreateInput> & UserCreateInput'.
    Property 'password' is missing in type '{ email: string; name: string; }' but required in type 'UserCreateInput'.
test/booking_fee.e2e-spec.ts(76,9): error TS2353: Object literal may only specify known properties, and 'category' does not exist in type '(Without<EventCreateInput, EventUncheckedCreateInput> & EventUncheckedCreateInput) | (Without<...> & EventCreateInput)'.
test/booking_fee.e2e-spec.ts(103,32): error TS2339: Property 'venue' does not exist on type 'PrismaService'.
test/booking_fee.e2e-spec.ts(110,15): error TS2353: Object literal may only specify known properties, and 'venueId' does not exist in type '(Without<ShowUpdateInput, ShowUncheckedUpdateInput> & ShowUncheckedUpdateInput) | (Without<...> & ShowUpdateInput)'.
test/booking_fee.e2e-spec.ts(121,20): error TS2741: Property 'price' is missing in type '{ seatId: string; }' but required in type 'BookingSeatUncheckedCreateWithoutBookingInput'.
test/booking_fee.e2e-spec.ts(132,51): error TS2339: Property 'confirmBooking' does not exist on type 'BookingService'.
test/concurrency.e2e-spec.ts(28,49): error TS2353: Object literal may only specify known properties, and 'totalSeats' does not exist in type 'ScreenUncheckedCreateWithoutTheaterInput'.
test/concurrency.e2e-spec.ts(32,28): error TS2339: Property 'screens' does not exist on type '{ id: string; tenantId: string | null; name: string; city: string; address: string; }'.
test/concurrency.e2e-spec.ts(54,9): error TS2353: Object literal may only specify known properties, and 'basePrice' does not exist in type 'Without<ShowCreateInput, ShowUncheckedCreateInput> & ShowUncheckedCreateInput'.
test/idempotency.e2e-spec.ts(27,49): error TS2353: Object literal may only specify known properties, and 'totalSeats' does not exist in type 'ScreenUncheckedCreateWithoutTheaterInput'.
test/idempotency.e2e-spec.ts(31,28): error TS2339: Property 'screens' does not exist on type '{ id: string; tenantId: string | null; name: string; city: string; address: string; }'.
test/idempotency.e2e-spec.ts(53,9): error TS2353: Object literal may only specify known properties, and 'basePrice' does not exist in type 'Without<ShowCreateInput, ShowUncheckedCreateInput> & ShowUncheckedCreateInput'.
